// Jest Snapshot v1, https://goo.gl/fbAQLP

exports[`renders CMS page and navigation flow works 1`] = `
<div>
  <div>
    <nav
      data-testid="cms-navigation-container"
    >
      <div
        class="navigationRowContainer"
      >
        <div
          class="container default container"
        >
          <div
            class="navigationRow"
          >
            <a
              class="activeLink"
              href="/fi/cms-page/paasivu/alisivu1/"
            >
              <span>
                Alisivu1
              </span>
            </a>
            <a
              class=""
              href="/fi/cms-page/paasivu/alisivu3/"
            >
              <span>
                Alisivu3
              </span>
            </a>
            <a
              class=""
              href="/fi/cms-page/paasivu/alisivu4/"
            >
              <span>
                Alisivu4
              </span>
            </a>
            <a
              class=""
              href="/fi/cms-page/paasivu/oppimateriaalit/"
            >
              <span>
                Oppimateriaalit
              </span>
            </a>
          </div>
        </div>
      </div>
      <div
        class="navigationRowContainer"
      >
        <div
          class="container default container"
        >
          <div
            class="navigationRow"
          >
            <a
              class="activeLink"
              href="/fi/cms-page/paasivu/alisivu1/ali2sivu1/"
            >
              <span>
                Alisivu1 alisivu1
              </span>
            </a>
            <a
              class=""
              href="/fi/cms-page/paasivu/alisivu1/ali2sivu2/"
            >
              <span>
                Alisivu1 alisivu2
              </span>
            </a>
            <a
              class=""
              href="/fi/cms-page/paasivu/alisivu1/ali2sivu3/"
            >
              <span>
                Alisivu1 alisivu3
              </span>
            </a>
          </div>
        </div>
      </div>
      <div
        class="navigationRowContainer"
      >
        <div
          class="container default container"
        >
          <div
            class="navigationRow"
          >
            <a
              class="activeLink"
              href="/fi/cms-page/paasivu/alisivu1/ali2sivu1/ali3sivu1/"
            >
              <span>
                Alisivu1 alisivu1 alisivu1
              </span>
            </a>
            <a
              class=""
              href="/fi/cms-page/paasivu/alisivu1/ali2sivu1/ali3sivu2/"
            >
              <span>
                Alisivun1 alisivu1 alisivu2
              </span>
            </a>
            <a
              class=""
              href="/fi/cms-page/paasivu/alisivu1/ali2sivu1/ali3sivu3/"
            >
              <span>
                Alisivun1 alisivu1 alisivu3
              </span>
            </a>
          </div>
        </div>
      </div>
    </nav>
    <div
      class="container default container"
    >
      <ul
        class="breadcrumbList"
        data-testid="breadcrumbs-container"
      >
        <li>
          <a
            href="/"
          >
            Kotisivu
          </a>
        </li>
        <li>
          <a
            href="/fi/cms-page/paasivu/"
          >
            Pääsivu
          </a>
        </li>
        <li>
          <a
            href="/fi/cms-page/paasivu/alisivu1/"
          >
            Alisivu1
          </a>
        </li>
        <li>
          <a
            href="/fi/cms-page/paasivu/alisivu1/ali2sivu1/"
          >
            Alisivu1 alisivu1
          </a>
        </li>
        <li>
          Alisivu1 alisivu1 alisivu1
        </li>
      </ul>
    </div>
    <div
      class="container default"
    >
      <h1>
        Alisivu1 alisivu1 alisivu1
      </h1>
      <p>
        Sisältö
      </p>
    </div>
  </div>
</div>
`;
