// Vitest Snapshot v1, https://vitest.dev/guide/snapshot.html

exports[`matches snapshot 1`] = `
<body
  aria-hidden="true"
  class="bodyOpen"
>
  <div
    data-react-modal-body-trap=""
    style="position: absolute; opacity: 0;"
    tabindex="0"
  />
  <div />
  <div
    data-react-modal-body-trap=""
    style="position: absolute; opacity: 0;"
    tabindex="0"
  />
  <div
    class="ReactModalPortal"
  >
    <div
      class="ReactModal__Overlay ReactModal__Overlay--after-open overlay"
    >
      <div
        aria-modal="true"
        class="ReactModal__Content ReactModal__Content--after-open modal"
        role="dialog"
        tabindex="-1"
      >
        <div
          class="titleRow"
        >
          <p>
            Hyväksy ilmoittautuminen
          </p>
          <button
            class="closeButton"
          >
            <svg
              aria-hidden="true"
              aria-label="cross"
              class="Icon-module_icon__1Jtzj icon_hds-icon__1YqNC Icon-module_s__2WGWe icon_hds-icon--size-s__2Lkik"
              role="img"
              viewBox="0 0 24 24"
              xmlns="http://www.w3.org/2000/svg"
            >
              <path
                clip-rule="evenodd"
                d="M18 7.5L13.5 12L18 16.5L16.5 18L12 13.5L7.5 18L6 16.5L10.5 12L6 7.5L7.5 6L12 10.5L16.5 6L18 7.5Z"
                fill="currentColor"
                fill-rule="evenodd"
              />
            </svg>
            Sulje
          </button>
        </div>
        <div
          class="infoNoteSuccess"
        >
          Valittujien ilmoittautujien osallistuminen vahvistetaan ja heille lähetetään vahvistusviesti tapahtuman tiedoilla.
        </div>
        <div
          class="addNoteSection"
        >
          <div
            class="Checkbox-module_checkbox__3L0GR checkbox_hds-checkbox__9HMCz noteCheckbox"
          >
            <input
              class="Checkbox-module_input__3VZvy checkbox_hds-checkbox__input__1w0pu"
              id="add-note"
              type="checkbox"
              value=""
            />
            <label
              class="Checkbox-module_label__L5AN1 checkbox_hds-checkbox__label__3HoD3"
              for="add-note"
            >
              Lisää viesti
            </label>
          </div>
          <div
            class="formRow"
          >
            <section
              aria-label="Notification"
              class="Notification-module_notification__2hN3H notification_hds-notification__2DQPN"
            >
              <div
                class="Notification-module_content__ZZKvE notification_hds-notification__content__5ylSS"
              >
                <div
                  aria-level="2"
                  class="Notification-module_label__1bhNu notification_hds-notification__label__2t1lR"
                  role="heading"
                >
                  <svg
                    aria-hidden="true"
                    aria-label="info-circle-fill"
                    class="Icon-module_icon__1Jtzj icon_hds-icon__1YqNC Icon-module_s__2WGWe icon_hds-icon--size-s__2Lkik Notification-module_icon__1ans7 notification_hds-icon__29HQM"
                    role="img"
                    viewBox="0 0 24 24"
                    xmlns="http://www.w3.org/2000/svg"
                  >
                    <path
                      clip-rule="evenodd"
                      d="M12 3C7.02944 3 3 7.02944 3 12C3 16.9706 7.02944 21 12 21C16.9706 21 21 16.9706 21 12C21 7.02944 16.9706 3 12 3ZM13 10V16.5H15V18H9V16.5H11V11.5H9V10H13ZM11.8125 6C12.5374 6 13.125 6.5876 13.125 7.3125C13.125 8.03735 12.5374 8.625 11.8125 8.625C11.0876 8.625 10.5 8.03735 10.5 7.3125C10.5 6.5876 11.0876 6 11.8125 6Z"
                      fill="currentColor"
                      fill-rule="evenodd"
                    />
                  </svg>
                  Vahvistusviesti sisältää automaattisesti seuraavat tiedot
                </div>
                <div
                  class="Notification-module_body__9BSAD notification_hds-notification__body__3cobH"
                >
                  Personoitu tervehdys, ilmoittautuminen vahvistettu, tapahtuman tiedot, aika, varattujen paikkojen lukumäärä, kieli, paikka, osoite, järjestäjän yhteystiedot.
                </div>
              </div>
            </section>
          </div>
        </div>
        <div
          class="buttonsContainer"
        >
          <button
            class="Button-module_button__1msFE button_hds-button__2A0je Button-module_secondary__1nABp button_hds-button--secondary__1NOWS"
            type="button"
          >
            <span
              class="Button-module_label__a4np1 button_hds-button__label__2EQa-"
            >
              Peruuta
            </span>
          </button>
          <div
            class="buttonsRight"
          >
            <button
              class="Button-module_button__1msFE button_hds-button__2A0je Button-module_primary__2LfKB button_hds-button--primary__2NVvO"
              type="button"
            >
              <span
                class="Button-module_label__a4np1 button_hds-button__label__2EQa-"
              >
                Lähetä vahvistusviesti
              </span>
            </button>
          </div>
        </div>
      </div>
    </div>
  </div>
</body>
`;
