// Jest Snapshot v1, https://goo.gl/fbAQLP

exports[`matches snapshot 1`] = `
<body
  aria-hidden="true"
  class="bodyOpen"
>
  <div
    data-react-modal-body-trap=""
    style="position: absolute; opacity: 0;"
    tabindex="0"
  />
  <div />
  <div
    data-react-modal-body-trap=""
    style="position: absolute; opacity: 0;"
    tabindex="0"
  />
  <div
    class="ReactModalPortal"
  >
    <div
      class="ReactModal__Overlay ReactModal__Overlay--after-open overlay"
    >
      <div
        aria-modal="true"
        class="ReactModal__Content ReactModal__Content--after-open modal"
        role="dialog"
        tabindex="-1"
      >
        <div
          class="titleRow"
        >
          <p>
            Hyväksy ilmoittautuminen
          </p>
          <button
            class="closeButton"
          >
            <svg
              class="Icon-module_icon__1Jtzj icon_hds-icon__1YqNC Icon-module_s__2WGWe icon_hds-icon--size-s__2Lkik"
              role="img"
              viewBox="0 0 24 24"
              xmlns="http://www.w3.org/2000/svg"
            >
              <g
                fill="none"
                fill-rule="evenodd"
              >
                <rect
                  height="24"
                  width="24"
                />
                <polygon
                  fill="currentColor"
                  points="18 7.5 13.5 12 18 16.5 16.5 18 12 13.5 7.5 18 6 16.5 10.5 12 6 7.5 7.5 6 12 10.5 16.5 6"
                />
              </g>
            </svg>
            Sulje
          </button>
        </div>
        <div
          class="infoNoteSuccess"
        >
          Valittujien ilmoittautujien osallistuminen vahvistetaan ja heille lähetetään vahvistusviesti tapahtuman tiedoilla.
        </div>
        <div
          class="addNoteSection"
        >
          <div
            class="Checkbox-module_checkbox__3L0GR checkbox_hds-checkbox__9HMCz noteCheckbox"
          >
            <input
              class="Checkbox-module_input__3VZvy checkbox_hds-checkbox__input__1w0pu"
              id="add-note"
              type="checkbox"
              value=""
            />
            <label
              class="Checkbox-module_label__L5AN1 checkbox_hds-checkbox__label__3HoD3"
              for="add-note"
            >
              Lisää viesti
            </label>
          </div>
          <div
            class="formRow"
          >
            <section
              aria-atomic="true"
              aria-label="Notification"
              class="Notification-module_notification__2hN3H notification_hds-notification__2DQPN"
            >
              <div
                class="Notification-module_content__ZZKvE notification_hds-notification__content__5ylSS"
              >
                <div
                  aria-level="2"
                  class="Notification-module_label__1bhNu notification_hds-notification__label__2t1lR"
                  role="heading"
                >
                  <svg
                    aria-hidden="true"
                    class="Icon-module_icon__1Jtzj icon_hds-icon__1YqNC Icon-module_s__2WGWe icon_hds-icon--size-s__2Lkik Notification-module_icon__1ans7 notification_hds-icon__29HQM"
                    role="img"
                    viewBox="0 0 24 24"
                    xmlns="http://www.w3.org/2000/svg"
                  >
                    <g
                      fill="none"
                      fill-rule="evenodd"
                    >
                      <rect
                        height="24"
                        width="24"
                      />
                      <path
                        d="M12,3 C7.02943725,3 3,7.02943725 3,12 C3,16.9705627 7.02943725,21 12,21 C16.9705627,21 21,16.9705627 21,12 C21,7.02943725 16.9705627,3 12,3 Z M13,10 L13,16.5 L15,16.5 L15,18 L9,18 L9,16.5 L11,16.5 L11,11.5 L9,11.5 L9,10 L13,10 Z M11.8125239,6 C12.5373649,6 13.125,6.58759799 13.125,7.3125 C13.125,8.03735415 12.5373649,8.625 11.8125239,8.625 C11.0876351,8.625 10.5,8.03735415 10.5,7.3125 C10.5,6.58759799 11.0876351,6 11.8125239,6 Z"
                        fill="currentColor"
                      />
                    </g>
                  </svg>
                  Vahvistusviesti sisältää automaattisesti seuraavat tiedot
                </div>
                <div
                  class="Notification-module_body__9BSAD notification_hds-notification__body__3cobH"
                >
                  Personoitu tervehdys, ilmoittautuminen vahvistettu, tapahtuman tiedot, aika, varattujen paikkojen lukumäärä, kieli, paikka, osoite, järjestäjän yhteystiedot.
                </div>
              </div>
            </section>
          </div>
        </div>
        <div
          class="buttonsContainer"
        >
          <button
            class="Button-module_button__1msFE button_hds-button__2A0je Button-module_secondary__1nABp button_hds-button--secondary__1NOWS"
            type="button"
          >
            <span
              class="Button-module_label__a4np1 button_hds-button__label__2EQa-"
            >
              Peruuta
            </span>
          </button>
          <div
            class="buttonsRight"
          >
            <button
              class="Button-module_button__1msFE button_hds-button__2A0je Button-module_supplementary__3YKiS button_hds-button--supplementary__GcHcV"
              type="button"
            >
              <div
                aria-hidden="true"
                class="Button-module_icon__O-h7R button_hds-icon__17j8Z"
              >
                <div />
              </div>
              <span
                class="Button-module_label__a4np1 button_hds-button__label__2EQa-"
              >
                Esikatselu
              </span>
            </button>
            <button
              class="Button-module_button__1msFE button_hds-button__2A0je Button-module_primary__2LfKB button_hds-button--primary__2NVvO"
              type="button"
            >
              <span
                class="Button-module_label__a4np1 button_hds-button__label__2EQa-"
              >
                Lähetä vahvistusviesti
              </span>
            </button>
          </div>
        </div>
      </div>
    </div>
  </div>
</body>
`;
