// Jest Snapshot v1, https://goo.gl/fbAQLP

exports[`PlaceInfo should match snapshot 1`] = `
<div
  class="placeInfo"
>
  <div>
    Sellon kirjasto
     
  </div>
  <p>
    Leppävaarankatu 9
  </p>
  <p>
    123321123
  </p>
  <div
    class="linkRow"
  >
    <div
      class="linkTitle"
    >
      Palvelukartta:
    </div>
    <a
      href="https://palvelukartta.hel.fi/fi/unit/undefined"
      rel="noopener noreferrer"
      target="_blank"
    >
      https://palvelukartta.hel.fi/fi/unit/undefined
    </a>
  </div>
  <div
    class="linkRow"
  >
    <div
      class="linkTitle"
    >
      Reittiopas:
    </div>
    <a
      href="https://www.reittiopas.fi/fi/?to=Leppävaarankatu+9,testi"
      rel="noopener noreferrer"
      target="_blank"
    >
      https://www.reittiopas.fi/fi/?to=Leppävaarankatu+9,testi
    </a>
  </div>
</div>
`;
