// Vitest Snapshot v1, https://vitest.dev/guide/snapshot.html

exports[`Header matches snapshot 1`] = `
<header
  class="hds-header Header-module_header__291GF"
  style="--header-max-width: var(--breakpoint-xl);"
>
  <div
    class="Header-module_headerBackgroundWrapper__KsFy2"
  >
    <a
      class="SkipLink-module_skipLink__1knzF"
      href="#main-content"
    >
      <span
        class="SkipLink-module_skipLinkLabel__21n5B"
      >
        Siirry sisältöön
      </span>
    </a>
    <div
      class="HeaderActionBar-module_headerActionBarContainer__5tfj-"
    >
      <div
        class="HeaderActionBar-module_headerActionBar__lPeGE"
      >
        <a
          aria-label="Helsingin kaupunki"
          class="HeaderActionBar-module_titleAndLogoContainer__2LEAb HeaderActionBar-module_logo__2r2T0"
          href="#"
          role="link"
        >
          <span
            class="HeaderActionBarLogo-module_logoWrapper__8NgfS"
          >
            <img
              alt="Helsinki"
              class="Logo-module_logo__Y2mwP Logo-module_large__3Tjj3"
              src="mocked hds-react logoFi"
            />
          </span>
        </a>
        <a
          class="HeaderActionBar-module_titleAndLogoContainer__2LEAb HeaderActionBar-module_title__opzt9 HeaderActionBar-module_normal__3B4qi"
          href="#"
        >
          <span
            class="HeaderActionBar-module_title__opzt9"
          >
            Kultus Admin
          </span>
        </a>
        <div
          class="HeaderActionBar-module_headerActions__3lNnM"
        >
          <div
            class="HeaderLanguageSelector-module_languageSelector__3d38B"
          >
            <div
              class="HeaderLanguageSelector-module_languageNodes__lTe8p"
            >
              <button
                aria-current="true"
                class="HeaderLanguageSelector-module_item__3_I7N HeaderLanguageSelector-module_activeItem__15LKg"
                lang="fi"
                type="button"
              >
                <span>
                  Suomi
                </span>
              </button>
              <button
                aria-current="false"
                class="HeaderLanguageSelector-module_item__3_I7N"
                lang="sv"
                type="button"
              >
                <span>
                  Svenska
                </span>
              </button>
              <button
                aria-current="false"
                class="HeaderLanguageSelector-module_item__3_I7N"
                lang="en"
                type="button"
              >
                <span>
                  English
                </span>
              </button>
            </div>
          </div>
          <div
            class="HeaderActionBarItem-module_container__1uq2m HeaderActionBarItem-module_hasContent__YJfOU HeaderActionBarItem-module_hasSubItems__1LVkh"
            id="user-menu"
          >
            <button
              aria-controls="user-menu-dropdown"
              aria-expanded="false"
              aria-label="Avaa käyttäjän valikko"
              class="HeaderActionBarItemButton-module_actionBarItemButton__2ALyH HeaderActionBarItem-module_icon__1Ug_k HeaderActionBarItemButton-module_hasSubItems__3wX3Y"
              type="button"
            >
              <div
                class="HeaderActionBarItemButton-module_buttonContent__3JeY0"
              >
                <span>
                  <span
                    class="HeaderActionBarItemButton-module_actionBarItemButtonIcon__1_1Cg"
                  >
                    <svg
                      aria-hidden="true"
                      aria-label="user"
                      class="Icon-module_icon__1Jtzj icon_hds-icon__1YqNC Icon-module_s__2WGWe icon_hds-icon--size-s__2Lkik"
                      role="img"
                      viewBox="0 0 24 24"
                      xmlns="http://www.w3.org/2000/svg"
                    >
                      <path
                        clip-rule="evenodd"
                        d="M16.2667 13C18.8082 13 20.8819 15.0031 20.9951 17.5167L21 17.7333V22H3V17.7333C3 15.1918 5.00309 13.1181 7.51667 13.0049L7.73333 13H16.2667ZM7.73333 15C6.27966 15 5.09104 16.1348 5.00499 17.5668L5 17.7333V20H19V17.7333C19 16.3172 17.8926 15.0973 16.54 15.0075L16.3766 15.0022L7.73333 15ZM12 2C14.7614 2 17 4.23858 17 7C17 9.76142 14.7614 12 12 12C9.23858 12 7 9.76142 7 7C7 4.23858 9.23858 2 12 2ZM12 4C10.3431 4 9 5.34315 9 7C9 8.65685 10.3431 10 12 10C13.6569 10 15 8.65685 15 7C15 5.34315 13.6569 4 12 4Z"
                        fill="currentColor"
                        fill-rule="evenodd"
                      />
                    </svg>
                  </span>
                  <span
                    class="HeaderActionBarItemButton-module_actionBarItemButtonLabel__12Iec"
                  >
                    John Doe
                  </span>
                </span>
                <svg
                  aria-hidden="true"
                  aria-label="angle-down"
                  class="Icon-module_icon__1Jtzj icon_hds-icon__1YqNC Icon-module_s__2WGWe icon_hds-icon--size-s__2Lkik"
                  role="img"
                  viewBox="0 0 24 24"
                  xmlns="http://www.w3.org/2000/svg"
                >
                  <path
                    clip-rule="evenodd"
                    d="M12 13.5L17 8.5L18.5 10L12 16.5L5.5 10L7 8.5L12 13.5Z"
                    fill="currentColor"
                    fill-rule="evenodd"
                  />
                </svg>
              </div>
            </button>
            <div
              class="HeaderActionBarItem-module_dropdownWrapper__39cBw"
            >
              <div
                class="HeaderActionBarItem-module_dropdown__3daDZ userMenuDropdown HeaderActionBarItem-module_hasContent__YJfOU HeaderActionBarItem-module_hasSubItems__1LVkh"
                id="user-menu-dropdown"
              >
                <ul>
                  <button
                    class="Button-module_button__1msFE button_hds-button__2A0je Button-module_supplementary__3YKiS button_hds-button--supplementary__GcHcV dropdownButton"
                    type="button"
                  >
                    <div
                      aria-hidden="true"
                      class="Button-module_icon__O-h7R button_hds-icon__17j8Z"
                    >
                      <svg
                        aria-hidden="true"
                        aria-label="user"
                        class="Icon-module_icon__1Jtzj icon_hds-icon__1YqNC Icon-module_s__2WGWe icon_hds-icon--size-s__2Lkik"
                        role="img"
                        viewBox="0 0 24 24"
                        xmlns="http://www.w3.org/2000/svg"
                      >
                        <path
                          clip-rule="evenodd"
                          d="M16.2667 13C18.8082 13 20.8819 15.0031 20.9951 17.5167L21 17.7333V22H3V17.7333C3 15.1918 5.00309 13.1181 7.51667 13.0049L7.73333 13H16.2667ZM7.73333 15C6.27966 15 5.09104 16.1348 5.00499 17.5668L5 17.7333V20H19V17.7333C19 16.3172 17.8926 15.0973 16.54 15.0075L16.3766 15.0022L7.73333 15ZM12 2C14.7614 2 17 4.23858 17 7C17 9.76142 14.7614 12 12 12C9.23858 12 7 9.76142 7 7C7 4.23858 9.23858 2 12 2ZM12 4C10.3431 4 9 5.34315 9 7C9 8.65685 10.3431 10 12 10C13.6569 10 15 8.65685 15 7C15 5.34315 13.6569 4 12 4Z"
                          fill="currentColor"
                          fill-rule="evenodd"
                        />
                      </svg>
                    </div>
                    <span
                      class="Button-module_label__a4np1 button_hds-button__label__2EQa-"
                    >
                      Omat tiedot
                    </span>
                  </button>
                  <button
                    class="Button-module_button__1msFE button_hds-button__2A0je Button-module_supplementary__3YKiS button_hds-button--supplementary__GcHcV dropdownButton"
                    type="button"
                  >
                    <div
                      aria-hidden="true"
                      class="Button-module_icon__O-h7R button_hds-icon__17j8Z"
                    >
                      <svg
                        aria-hidden="true"
                        aria-label="link-external"
                        class="Icon-module_icon__1Jtzj icon_hds-icon__1YqNC Icon-module_s__2WGWe icon_hds-icon--size-s__2Lkik"
                        role="img"
                        viewBox="0 0 24 24"
                        xmlns="http://www.w3.org/2000/svg"
                      >
                        <path
                          clip-rule="evenodd"
                          d="M5 3V19H21V21H3V3H5ZM21 3V12H19V6.413L9.91421 15.5L8.5 14.0858L17.585 5H12V3H21Z"
                          fill="currentColor"
                          fill-rule="evenodd"
                        />
                      </svg>
                    </div>
                    <span
                      class="Button-module_label__a4np1 button_hds-button__label__2EQa-"
                    >
                      Helsinki Profiili
                    </span>
                  </button>
                  <button
                    class="Button-module_button__1msFE button_hds-button__2A0je Button-module_supplementary__3YKiS button_hds-button--supplementary__GcHcV dropdownButton"
                    type="button"
                  >
                    <div
                      aria-hidden="true"
                      class="Button-module_icon__O-h7R button_hds-icon__17j8Z"
                    >
                      <svg
                        aria-hidden="true"
                        aria-label="signout"
                        class="Icon-module_icon__1Jtzj icon_hds-icon__1YqNC Icon-module_s__2WGWe icon_hds-icon--size-s__2Lkik"
                        role="img"
                        viewBox="0 0 24 24"
                        xmlns="http://www.w3.org/2000/svg"
                      >
                        <path
                          clip-rule="evenodd"
                          d="M16 2V7H14V4H5V20H14V17H16V22H3V2H16ZM18 7L23 12L18 17L16.5 15.5L19 12.999L8 13V11L18.999 10.999L16.5 8.5L18 7Z"
                          fill="currentColor"
                          fill-rule="evenodd"
                        />
                      </svg>
                    </div>
                    <span
                      class="Button-module_label__a4np1 button_hds-button__label__2EQa-"
                    >
                      Kirjaudu ulos
                    </span>
                  </button>
                </ul>
              </div>
            </div>
          </div>
        </div>
      </div>
    </div>
    <div
      class="HeaderNavigationMenu-module_headerNavigationMenuContainer__2nK9z"
    >
      <nav
        class="HeaderNavigationMenu-module_headerNavigationMenu__3G6-N"
      >
        <ul
          class="HeaderNavigationMenu-module_headerNavigationMenuList__3HIzx"
        >
          <li>
            <span
              class="HeaderNavigationMenu-module_headerNavigationMenuLinkContent__3zC2j"
            >
              <span
                class="HeaderLink-module_navigationLinkWrapper__2jd7A"
              >
                <a
                  class="HeaderLink-module_headerLink__2i9-J HeaderNavigationMenu-module_headerNavigationMenuLink__H_ogS"
                  href="/fi/cms-page/mika-kultus-2/"
                  id="cG9zdDo0MDk="
                >
                  Mikä kultus?
                </a>
                <button
                  aria-expanded="false"
                  aria-label="Avaa alasvetovalikko."
                  class="HeaderLinkDropdown-module_button__2xVuy HeaderLinkDropdown-module_depth-0__Xeyks"
                  data-testid="dropdown-button-0"
                  type="button"
                >
                  <svg
                    aria-hidden="true"
                    aria-label="angle-down"
                    class="Icon-module_icon__1Jtzj icon_hds-icon__1YqNC Icon-module_s__2WGWe icon_hds-icon--size-s__2Lkik HeaderLinkDropdown-module_chevron__1KsTd"
                    role="img"
                    viewBox="0 0 24 24"
                    xmlns="http://www.w3.org/2000/svg"
                  >
                    <path
                      clip-rule="evenodd"
                      d="M12 13.5L17 8.5L18.5 10L12 16.5L5.5 10L7 8.5L12 13.5Z"
                      fill="currentColor"
                      fill-rule="evenodd"
                    />
                  </svg>
                </button>
                <ul
                  class="HeaderLinkDropdown-module_dropdownMenu__3oeWC"
                  data-testid="dropdown-menu-0"
                  style="display: none;"
                >
                  <li>
                    <span
                      class="HeaderLink-module_navigationLinkWrapper__2jd7A"
                    >
                      <a
                        class="HeaderLink-module_headerLink__2i9-J HeaderLinkDropdown-module_dropdownLink__2UIF3"
                        href="/fi/cms-page/mika-kultus-2/katrin-testisivu/"
                        id="cG9zdDo0MTE="
                      >
                        Katrin testisivu
                      </a>
                    </span>
                  </li>
                </ul>
              </span>
            </span>
          </li>
          <li>
            <span
              class="HeaderNavigationMenu-module_headerNavigationMenuLinkContent__3zC2j"
            >
              <span
                class="HeaderLink-module_navigationLinkWrapper__2jd7A"
              >
                <a
                  class="HeaderLink-module_headerLink__2i9-J HeaderNavigationMenu-module_headerNavigationMenuLink__H_ogS"
                  href="/fi/cms-page/kulttuurikasvatus/"
                  id="cG9zdDo0MTI="
                >
                  Kulttuurikasvatus
                </a>
                <button
                  aria-expanded="false"
                  aria-label="Avaa alasvetovalikko."
                  class="HeaderLinkDropdown-module_button__2xVuy HeaderLinkDropdown-module_depth-0__Xeyks"
                  data-testid="dropdown-button-1"
                  type="button"
                >
                  <svg
                    aria-hidden="true"
                    aria-label="angle-down"
                    class="Icon-module_icon__1Jtzj icon_hds-icon__1YqNC Icon-module_s__2WGWe icon_hds-icon--size-s__2Lkik HeaderLinkDropdown-module_chevron__1KsTd"
                    role="img"
                    viewBox="0 0 24 24"
                    xmlns="http://www.w3.org/2000/svg"
                  >
                    <path
                      clip-rule="evenodd"
                      d="M12 13.5L17 8.5L18.5 10L12 16.5L5.5 10L7 8.5L12 13.5Z"
                      fill="currentColor"
                      fill-rule="evenodd"
                    />
                  </svg>
                </button>
                <ul
                  class="HeaderLinkDropdown-module_dropdownMenu__3oeWC"
                  data-testid="dropdown-menu-1"
                  style="display: none;"
                >
                  <li>
                    <span
                      class="HeaderLink-module_navigationLinkWrapper__2jd7A"
                    >
                      <a
                        class="HeaderLink-module_headerLink__2i9-J HeaderLinkDropdown-module_dropdownLink__2UIF3"
                        href="/fi/cms-page/kulttuurikasvatus/kulttuuripolulla-kulttuuria-kaikille/"
                        id="cG9zdDo0MTQ="
                      >
                        Kulttuuripolulla kulttuuria kaikille
                      </a>
                    </span>
                  </li>
                  <li>
                    <span
                      class="HeaderLink-module_navigationLinkWrapper__2jd7A"
                    >
                      <a
                        class="HeaderLink-module_headerLink__2i9-J HeaderLinkDropdown-module_dropdownLink__2UIF3"
                        href="/fi/cms-page/kulttuurikasvatus/kulttuurikoordinaattori-olet-meille-tarkea/"
                        id="cG9zdDo0MTU="
                      >
                        Kulttuurikoordinaattori, olet meille tärkeä!
                      </a>
                    </span>
                  </li>
                  <li>
                    <span
                      class="HeaderLink-module_navigationLinkWrapper__2jd7A"
                    >
                      <a
                        class="HeaderLink-module_headerLink__2i9-J HeaderLinkDropdown-module_dropdownLink__2UIF3"
                        href="/fi/cms-page/kulttuurikasvatus/kulttuurikasvatuksen-kasitteita/"
                        id="cG9zdDo0MTY="
                      >
                        Kulttuurikasvatuksen käsitteitä
                      </a>
                    </span>
                  </li>
                </ul>
              </span>
            </span>
          </li>
          <li>
            <span
              class="HeaderNavigationMenu-module_headerNavigationMenuLinkContent__3zC2j"
            >
              <span
                class="HeaderLink-module_navigationLinkWrapper__2jd7A"
              >
                <a
                  class="HeaderLink-module_headerLink__2i9-J HeaderNavigationMenu-module_headerNavigationMenuLink__H_ogS"
                  href="/fi/cms-page/oppimateriaalit-2/"
                  id="cG9zdDo0MTc="
                >
                  Oppimateriaalit
                </a>
                <button
                  aria-expanded="false"
                  aria-label="Avaa alasvetovalikko."
                  class="HeaderLinkDropdown-module_button__2xVuy HeaderLinkDropdown-module_depth-0__Xeyks"
                  data-testid="dropdown-button-2"
                  type="button"
                >
                  <svg
                    aria-hidden="true"
                    aria-label="angle-down"
                    class="Icon-module_icon__1Jtzj icon_hds-icon__1YqNC Icon-module_s__2WGWe icon_hds-icon--size-s__2Lkik HeaderLinkDropdown-module_chevron__1KsTd"
                    role="img"
                    viewBox="0 0 24 24"
                    xmlns="http://www.w3.org/2000/svg"
                  >
                    <path
                      clip-rule="evenodd"
                      d="M12 13.5L17 8.5L18.5 10L12 16.5L5.5 10L7 8.5L12 13.5Z"
                      fill="currentColor"
                      fill-rule="evenodd"
                    />
                  </svg>
                </button>
                <ul
                  class="HeaderLinkDropdown-module_dropdownMenu__3oeWC"
                  data-testid="dropdown-menu-2"
                  style="display: none;"
                >
                  <li>
                    <span
                      class="HeaderLink-module_navigationLinkWrapper__2jd7A"
                    >
                      <a
                        class="HeaderLink-module_headerLink__2i9-J HeaderLinkDropdown-module_dropdownLink__2UIF3"
                        href="/fi/cms-page/oppimateriaalit-2/ylakoulu-ja-toinen-aste/"
                        id="cG9zdDo0MTk="
                      >
                        Yläkoulu ja toinen aste
                      </a>
                    </span>
                  </li>
                  <li>
                    <span
                      class="HeaderLink-module_navigationLinkWrapper__2jd7A"
                    >
                      <a
                        class="HeaderLink-module_headerLink__2i9-J HeaderLinkDropdown-module_dropdownLink__2UIF3"
                        href="/fi/cms-page/oppimateriaalit-2/varhaiskasvatus-ja-esiopetus/"
                        id="cG9zdDo0MjA="
                      >
                        Varhaiskasvatus ja esiopetus
                      </a>
                    </span>
                  </li>
                  <li>
                    <span
                      class="HeaderLink-module_navigationLinkWrapper__2jd7A"
                    >
                      <a
                        class="HeaderLink-module_headerLink__2i9-J HeaderLinkDropdown-module_dropdownLink__2UIF3"
                        href="/fi/cms-page/oppimateriaalit-2/alakoulu/"
                        id="cG9zdDo0MjE="
                      >
                        Alakoulu
                      </a>
                    </span>
                  </li>
                </ul>
              </span>
            </span>
          </li>
        </ul>
      </nav>
    </div>
  </div>
</header>
`;
