// Vitest Snapshot v1, https://vitest.dev/guide/snapshot.html

exports[`matches snapshot 1`] = `
<div>
  <div
    class="eventBasicInfo"
  >
    <h2>
      Tapahtuman perustiedot
    </h2>
    <div
      class="textTitle"
    >
      Tapahtuman nimi
    </div>
    <p>
      Tapahtuma 13.7.2020
    </p>
    <div
      class="textTitle"
    >
      Lyhyt kuvaus (korkeintaan 160 merkkiä)
    </div>
    <p>
      Testitapahtuma 13.7.2020
    </p>
    <div
      class="textTitle"
    >
      Kuvaus
    </div>
    <div
      class="description"
    >
      Tapahtuman kuvaus
    </div>
    <div
      class="textTitle"
    >
      Lisätietojen syöttämisen pakollisuus
    </div>
    <p>
      Lisätietojen syöttäminen ei ole pakollista
    </p>
    <div>
      <div
        class="imagePreview"
      >
        <div
          class="textTitle"
        >
          Tapahtuman kuva
        </div>
        <img
          alt="Testikuva"
          class="image"
          src="https://linkedevents.api.test.hel.ninja/media/images/test.png"
        />
      </div>
      <div
        class="textTitle"
      >
        Kuvan alt-teksti
      </div>
      <p>
        Testikuva
      </p>
      <div
        class="textTitle"
      >
        Valokuvaaja
      </div>
      <p>
        Testi Kuvaaja
      </p>
    </div>
    <div
      class="textTitle"
    >
      WWW-osoite, josta saa lisätietoja tapahtumasta
    </div>
    <p>
      www.testi.fi
    </p>
    <div
      class="durationRow"
    >
      <div>
        <div
          class="textTitle"
        >
          Ilmoittautuminen alkaa
        </div>
        <p>
          13.7.2020 klo 09:00
        </p>
      </div>
      <div>
        <div
          class="textTitle"
        >
          Ilmoittautuminen sulkeutuu, päivää
        </div>
        <p>
          3
        </p>
      </div>
    </div>
  </div>
</div>
`;
