// Jest Snapshot v1, https://goo.gl/fbAQLP

exports[`matches snapshot 1`] = `
<div>
  <div
    class="editEventButtons"
  >
    <div
      class="backButtonWrapper"
    >
      <button
        class="backButton"
      >
        <div
          class="backIconWrapper"
        >
          <svg
            aria-hidden="true"
            class="Icon-module_icon__1Jtzj icon_hds-icon__1YqNC Icon-module_s__2WGWe icon_hds-icon--size-s__2Lkik"
            role="img"
            viewBox="0 0 24 24"
            xmlns="http://www.w3.org/2000/svg"
          >
            <g
              fill="none"
              fill-rule="evenodd"
            >
              <rect
                height="24"
                width="24"
              />
              <polygon
                fill="currentColor"
                points="10 5.5 11.5 7 7.5 11 20 11 20 13 7.5 13 11.5 17 10 18.5 3.5 12"
              />
            </g>
          </svg>
        </div>
        <span>
          Tapahtumat
        </span>
      </button>
      <span
        class="dirtyText"
      >
        Sivulla on tallentamattomia muutoksia
      </span>
    </div>
    <div
      class="eventLanguageSelector"
    >
      <button
        class="languageButton isSelected"
        data-testid="eventLanguageSelector-suomi"
        type="button"
      >
        <div
          class="buttonIconWrapper"
        >
          <svg
            aria-hidden="true"
            class="Icon-module_icon__1Jtzj icon_hds-icon__1YqNC Icon-module_s__2WGWe icon_hds-icon--size-s__2Lkik"
            role="img"
            viewBox="0 0 24 24"
            xmlns="http://www.w3.org/2000/svg"
          >
            <g
              fill="none"
              fill-rule="evenodd"
            >
              <path
                d="M0 0h24v24H0z"
              />
              <path
                d="M12 2c5.523 0 10 4.477 10 10s-4.477 10-10 10S2 17.523 2 12 6.477 2 12 2zm0 2a8 8 0 100 16 8 8 0 000-16zm1 6v6.5h2V18H9v-1.5h2v-5H9V10h4zm-1.187-4a1.312 1.312 0 110 2.625 1.312 1.312 0 010-2.625z"
                fill="currentColor"
              />
            </g>
          </svg>
        </div>
        <span>
          suomi
        </span>
      </button>
      <button
        class="languageButton"
        data-testid="eventLanguageSelector-ruotsi"
        type="button"
      >
        <div
          class="buttonIconWrapper"
        >
          <svg
            aria-hidden="true"
            class="Icon-module_icon__1Jtzj icon_hds-icon__1YqNC Icon-module_s__2WGWe icon_hds-icon--size-s__2Lkik"
            role="img"
            viewBox="0 0 24 24"
            xmlns="http://www.w3.org/2000/svg"
          >
            <g
              fill="none"
              fill-rule="evenodd"
            >
              <path
                d="M0 0h24v24H0z"
              />
              <path
                d="M12 2c5.523 0 10 4.477 10 10s-4.477 10-10 10S2 17.523 2 12 6.477 2 12 2zm0 2a8 8 0 100 16 8 8 0 000-16zm1 6v6.5h2V18H9v-1.5h2v-5H9V10h4zm-1.187-4a1.312 1.312 0 110 2.625 1.312 1.312 0 010-2.625z"
                fill="currentColor"
              />
            </g>
          </svg>
        </div>
        <span>
          ruotsi
        </span>
      </button>
      <button
        class="languageButton"
        data-testid="eventLanguageSelector-englanti"
        type="button"
      >
        <div
          class="buttonIconWrapper"
        >
          <svg
            aria-hidden="true"
            class="Icon-module_icon__1Jtzj icon_hds-icon__1YqNC Icon-module_s__2WGWe icon_hds-icon--size-s__2Lkik"
            role="img"
            viewBox="0 0 24 24"
            xmlns="http://www.w3.org/2000/svg"
          >
            <g
              fill="none"
              fill-rule="evenodd"
            >
              <path
                d="M0 0h24v24H0z"
              />
              <path
                d="M12 2c5.523 0 10 4.477 10 10s-4.477 10-10 10S2 17.523 2 12 6.477 2 12 2zm0 2a8 8 0 100 16 8 8 0 000-16zm1 6v6.5h2V18H9v-1.5h2v-5H9V10h4zm-1.187-4a1.312 1.312 0 110 2.625 1.312 1.312 0 010-2.625z"
                fill="currentColor"
              />
            </g>
          </svg>
        </div>
        <span>
          englanti
        </span>
      </button>
    </div>
  </div>
</div>
`;
