// Vitest Snapshot v1, https://vitest.dev/guide/snapshot.html

exports[`matches snapshot 1`] = `
<div>
  <div
    class="enrolmentDetails"
  >
    <div
      class="backButtonContainer"
    >
      <button
        aria-label="Palaa ilmoittautuneisiin"
      >
        <svg
          aria-hidden="true"
          aria-label="arrow-left"
          class="Icon-module_icon__1Jtzj icon_hds-icon__1YqNC Icon-module_s__2WGWe icon_hds-icon--size-s__2Lkik"
          role="img"
          viewBox="0 0 24 24"
          xmlns="http://www.w3.org/2000/svg"
        >
          <path
            clip-rule="evenodd"
            d="M10 5.5L11.5 7L7.5 11H20V13H7.5L11.5 17L10 18.5L3.5 12L10 5.5Z"
            fill="currentColor"
            fill-rule="evenodd"
          />
        </svg>
      </button>
    </div>
    <div
      class="detailsSection"
    >
      <div
        class="topRow"
      >
        <div>
          <span
            class="enrolleesTitle"
          >
            Ilmoittautuneet
          </span>
        </div>
        <div
          class="actionButtons"
        >
          <button
            class="Button-module_button__1msFE button_hds-button__2A0je Button-module_secondary__1nABp button_hds-button--secondary__1NOWS declineButton actionButton"
            type="button"
          >
            <div
              aria-hidden="true"
              class="Button-module_icon__O-h7R button_hds-icon__17j8Z"
            >
              <svg
                aria-hidden="true"
                aria-label="cross"
                class="Icon-module_icon__1Jtzj icon_hds-icon__1YqNC Icon-module_s__2WGWe icon_hds-icon--size-s__2Lkik"
                role="img"
                viewBox="0 0 24 24"
                xmlns="http://www.w3.org/2000/svg"
              >
                <path
                  clip-rule="evenodd"
                  d="M18 7.5L13.5 12L18 16.5L16.5 18L12 13.5L7.5 18L6 16.5L10.5 12L6 7.5L7.5 6L12 10.5L16.5 6L18 7.5Z"
                  fill="currentColor"
                  fill-rule="evenodd"
                />
              </svg>
            </div>
            <span
              class="Button-module_label__a4np1 button_hds-button__label__2EQa-"
            >
              Jätä ilman paikkaa
            </span>
          </button>
          <button
            class="Button-module_button__1msFE button_hds-button__2A0je Button-module_secondary__1nABp button_hds-button--secondary__1NOWS editButton"
            type="button"
          >
            <div
              aria-hidden="true"
              class="Button-module_icon__O-h7R button_hds-icon__17j8Z"
            >
              <svg
                aria-hidden="true"
                aria-label="pen"
                class="Icon-module_icon__1Jtzj icon_hds-icon__1YqNC Icon-module_s__2WGWe icon_hds-icon--size-s__2Lkik"
                role="img"
                viewBox="0 0 24 24"
                xmlns="http://www.w3.org/2000/svg"
              >
                <path
                  clip-rule="evenodd"
                  d="M16.75 3L4.5 15.25L4.5143 19.9857L9.25 20L21.5 7.75L16.75 3ZM6.5 16L16.75 5.75L18.75 7.75L8.5 18L6.50696 17.994L6.5 16Z"
                  fill="currentColor"
                  fill-rule="evenodd"
                />
              </svg>
            </div>
            <span
              class="Button-module_label__a4np1 button_hds-button__label__2EQa-"
            >
              Muokkaa
            </span>
          </button>
          <button
            class="Button-module_button__1msFE button_hds-button__2A0je Button-module_secondary__1nABp button_hds-button--secondary__1NOWS deleteButton actionButton"
            type="button"
          >
            <div
              aria-hidden="true"
              class="Button-module_icon__O-h7R button_hds-icon__17j8Z"
            >
              <svg
                aria-hidden="true"
                aria-label="cross-circle"
                class="Icon-module_icon__1Jtzj icon_hds-icon__1YqNC Icon-module_s__2WGWe icon_hds-icon--size-s__2Lkik"
                role="img"
                viewBox="0 0 24 24"
                xmlns="http://www.w3.org/2000/svg"
              >
                <path
                  clip-rule="evenodd"
                  d="M12 2C17.5228 2 22 6.47715 22 12C22 17.5228 17.5228 22 12 22C6.47715 22 2 17.5228 2 12C2 6.47715 6.47715 2 12 2ZM12 4C7.58172 4 4 7.58172 4 12C4 16.4183 7.58172 20 12 20C16.4183 20 20 16.4183 20 12C20 7.58172 16.4183 4 12 4ZM15 7.5L16.5 9L13.5 12L16.5 15L15 16.5L12 13.5L9 16.5L7.5 15L10.5 12L7.5 9L9 7.5L12 10.5L15 7.5Z"
                  fill="currentColor"
                  fill-rule="evenodd"
                />
              </svg>
            </div>
            <span
              class="Button-module_label__a4np1 button_hds-button__label__2EQa-"
            >
              Poista
            </span>
          </button>
        </div>
      </div>
      <table
        class="detailsTable"
      >
        <tbody>
          <tr
            class="infoRow"
          >
            <td
              class="infoLabel"
            >
              Ilmoittautunut:
            </td>
            <td>
              14.8.2020 10:15
            </td>
          </tr>
          <tr
            class="infoRow"
          >
            <td
              class="infoLabel"
            >
              Tila:
            </td>
            <td>
              Hyväksytty
            </td>
          </tr>
          <tr
            class="infoRow spacingRow"
          >
            <td
              class="infoLabel"
            >
              Nimi:
            </td>
            <td>
              Ilmoittautuja
            </td>
          </tr>
          <tr
            class="infoRow"
          >
            <td
              class="infoLabel"
            >
              Sähköpostiosoite:
            </td>
            <td>
              ilmo@ilmoittautuja.com
            </td>
          </tr>
          <tr
            class="infoRow"
          >
            <td
              class="infoLabel"
            >
              Puhelinnumero:
            </td>
            <td>
              123321123
            </td>
          </tr>
          <tr
            class="infoRow spacingRow"
          >
            <td
              class="infoLabel"
            >
              Päiväkoti / koulu / oppilaitos:
            </td>
            <td>
              Yläaste
            </td>
          </tr>
          <tr
            class="infoRow"
          >
            <td
              class="infoLabel"
            >
              Ryhmän nimi:
            </td>
            <td>
              Ryhmän nimi
            </td>
          </tr>
          <tr
            class="infoRow"
          >
            <td
              class="infoLabel"
            >
              Luokka-aste:
            </td>
            <td>
              5-6 -vuotiaat, 1. luokka, 2. luokka, 3. luokka, 4. luokka, 5. luokka
            </td>
          </tr>
          <tr
            class="infoRow"
          >
            <td
              class="infoLabel"
            >
              Lisätiedot:
            </td>
            <td>
              Lisätietoja tässä
            </td>
          </tr>
          <tr
            class="infoRow spacingRow"
          >
            <td
              class="infoLabel"
            >
              Vastuussa oleva aikuinen:
            </td>
            <td>
              Ilmoittautuja
            </td>
          </tr>
          <tr
            class="infoRow"
          >
            <td
              class="infoLabel"
            >
              Sähköpostiosoite:
            </td>
            <td>
              ilmo@ilmoittautuja.com
            </td>
          </tr>
          <tr
            class="infoRow"
          >
            <td
              class="infoLabel"
            >
              Puhelinnumero:
            </td>
            <td>
              123321123
            </td>
          </tr>
          <tr
            class="infoRow spacingRow"
          >
            <td
              class="infoLabel"
            >
              Tapahtumien ilmoitukset:
            </td>
            <td>
              Tekstiviestillä, sähköpostilla, kieli: suomi
            </td>
          </tr>
        </tbody>
      </table>
    </div>
  </div>
</div>
`;
