// Vitest Snapshot v1, https://vitest.dev/guide/snapshot.html

exports[`Footer matches snapshot 1`] = `
<footer
  class="Footer-module_footer__7u3nd footer"
>
  <div
    class="Koros-module_koros__NeX-o Footer-module_koros__wtlaj"
    style="height: 15px;"
  >
    <svg
      aria-hidden="true"
      height="85"
      width="100%"
      xmlns="http://www.w3.org/2000/svg"
    >
      <defs>
        <pattern
          height="85"
          id="koros_basic-1"
          patternUnits="userSpaceOnUse"
          width="96"
          x="0"
          y="0"
        >
          <path
            d="m0 5v80h32v-80c-8 0-8-5-16-5s-8 5-16 5z"
            transform="scale(3)"
          />
        </pattern>
      </defs>
      <rect
        fill="url(#koros_basic-1)"
        height="85"
        style="shape-rendering: crispEdges;"
        width="100%"
      />
    </svg>
  </div>
  <div
    class="Footer-module_footerContent__rkiWs"
  >
    <div
      class="Footer-module_footerSections__CWRc6"
    >
      <h2
        class="Footer-module_title__xabVz"
      >
        Kultus Admin
      </h2>
      <div
        class="FooterBase-module_base__ndakn footerBase"
      >
        <hr
          aria-hidden="true"
          class="FooterBase-module_divider__scofd"
        />
        <div
          class="FooterBase-module_logoWrapper__lheeb"
        >
          <a
            class="Link-module_link__8XuKE link_hds-link__MZCD0 FooterLink-module_item__rvkky"
          >
            <img
              alt="Helsingin kaupunki"
              class="Logo-module_logo__uZrXp Logo-module_medium__Kpggg"
              src="mocked hds-react logoFi"
            />
          </a>
        </div>
        <div
          class="FooterBase-module_copyright__-sKpP"
        >
          <span>
            © 
            Copyright
             
            2026
          </span>
          <span
            class="FooterBase-module_copyrightDot__qc85L"
          >
            •
          </span>
          <span>
            Kaikki oikeudet pidätetään
          </span>
        </div>
        <div
          class="FooterBase-module_baseActions__3C-J5"
        >
          <div
            class="FooterBase-module_links__7i-pZ"
          >
            <span
              aria-hidden="true"
              class="FooterBase-module_separator__RoVb3"
            >
              |
            </span>
            <a
              class="Link-module_link__8XuKE link_hds-link__MZCD0 FooterLink-module_item__rvkky FooterLink-module_base__0Qd2m"
              href="https://kultus.hel.fi/fi"
            >
              <span>
                Kouluille ja päiväkodeille
              </span>
            </a>
            <span
              aria-hidden="true"
              class="FooterBase-module_separator__RoVb3"
            >
              |
            </span>
            <a
              class="Link-module_link__8XuKE link_hds-link__MZCD0 FooterLink-module_item__rvkky FooterLink-module_base__0Qd2m"
              href="https://hkih.production.geniem.io/uploads/sites/5/2022/11/739f5edc-rekisteriseloste-kultus.fi_.pdf"
            >
              <span>
                Rekisteriseloste
              </span>
            </a>
          </div>
          <button
            class="FooterBase-module_backToTopButton__YzPvo"
            role="link"
            type="button"
          >
            Takaisin alkuun
            <svg
              aria-hidden="true"
              aria-label="arrow-up"
              class="Icon-module_icon__JQmVx icon_hds-icon__O6EV0 Icon-module_small__nAApk icon_hds-icon--size-s__SloSo"
              role="img"
              viewBox="0 0 24 24"
              xmlns="http://www.w3.org/2000/svg"
            >
              <path
                clip-rule="evenodd"
                d="M12 3.5L18.5 10L17 11.5L13 7.5V20H11V7.5L7 11.5L5.5 10L12 3.5Z"
                fill="currentColor"
                fill-rule="evenodd"
              />
            </svg>
          </button>
        </div>
      </div>
    </div>
  </div>
</footer>
`;
