// Vitest Snapshot v1, https://vitest.dev/guide/snapshot.html

exports[`Footer matches snapshot 1`] = `
<footer
  class="footerWrapper"
>
  <div
    class="Koros-module_koros__1r3rg koros"
  >
    <svg
      aria-hidden="true"
      height="85"
      width="100%"
      xmlns="http://www.w3.org/2000/svg"
    >
      <defs>
        <pattern
          height="85"
          id="koros_basic-1"
          patternUnits="userSpaceOnUse"
          width="106"
          x="0"
          y="0"
        >
          <path
            d="M0,800h20V0c-4.9,0-5,2.6-9.9,2.6S5,0,0,0V800z"
            transform="scale(5.3)"
          />
        </pattern>
      </defs>
      <rect
        fill="url(#koros_basic-1)"
        height="85"
        width="100%"
      />
    </svg>
  </div>
  <div
    class="container default"
  >
    <div
      class="footer"
    >
      <div
        class="helsinkiLogo"
      />
      <div
        class="copyright"
      >
        <div>
          © Copyright 2020 • Kaikki oikeudet pidätetään
        </div>
        <div
          class="links"
        >
          <div>
            <a
              href="https://kultus.fi/fi"
              rel="noopener noreferrer"
              target="_blank"
            >
              Kouluille ja päiväkodeille
            </a>
          </div>
          <div>
            <a
              href="https://hkih.production.geniem.io/uploads/sites/5/2022/11/739f5edc-rekisteriseloste-kultus.fi_.pdf"
              rel="noopener noreferrer"
              target="_blank"
            >
              Rekisteriseloste
            </a>
          </div>
        </div>
      </div>
    </div>
  </div>
</footer>
`;
